Component: ARM Compiler 5.06 update 6 (build 750) Tool: armlink [4d35ed]

==============================================================================

Section Cross References

    rk_main.o(.text) refers (Special) to rk_interrupthandler.o(.text) for INTERRUPT_HANDLER_0
    rk_main.o(.text) refers to rk_config_boutons.o(.text) for BOUTON_INIT
    rk_main.o(.text) refers to rk_config_leds.o(.text) for LED_INIT
    rk_main.o(.text) refers to rk_config_moteur.o(.text) for MOTEUR_INIT
    rk_main.o(.text) refers to rk_config_encoders.o(.text) for ENCODER_INIT
    startup_armcm3.o(RESET) refers to startup_armcm3.o(STACK) for __initial_sp
    startup_armcm3.o(RESET) refers to startup_armcm3.o(.text) for Reset_Handler
    startup_armcm3.o(RESET) refers to rk_interrupthandler.o(.text) for PORTD_INTERRUPT_HANDLER
    startup_armcm3.o(.text) refers to system_armcm3.o(i.SystemInit) for SystemInit
    startup_armcm3.o(.text) refers to rk_main.o(.text) for __main
    system_armcm3.o(i.SystemCoreClockUpdate) refers to system_armcm3.o(.data) for SystemCoreClock
    system_armcm3.o(i.SystemInit) refers to startup_armcm3.o(RESET) for __Vectors
    system_armcm3.o(i.SystemInit) refers to system_armcm3.o(.data) for SystemCoreClock


==============================================================================

Removing Unused input sections from the image.

    Removing startup_armcm3.o(HEAP), (3072 bytes).
    Removing system_armcm3.o(.rev16_text), (4 bytes).
    Removing system_armcm3.o(.revsh_text), (4 bytes).
    Removing system_armcm3.o(.rrx_text), (6 bytes).
    Removing system_armcm3.o(i.SystemCoreClockUpdate), (16 bytes).

5 unused section(s) (total 3102 bytes) removed from the image.

==============================================================================

Image Symbol Table

    Local Symbols

    Symbol Name                              Value     Ov Type        Size  Object(Section)

    RESET                                    0x00000000   Section      976  startup_armcm3.o(RESET)
    RK_Config_Boutons.s                      0x00000000   Number         0  rk_config_boutons.o ABSOLUTE
    RK_Config_Encoders.s                     0x00000000   Number         0  rk_config_encoders.o ABSOLUTE
    RK_Config_Leds.s                         0x00000000   Number         0  rk_config_leds.o ABSOLUTE
    RK_Config_Moteur.s                       0x00000000   Number         0  rk_config_moteur.o ABSOLUTE
    RK_InterruptHandler.s                    0x00000000   Number         0  rk_interrupthandler.o ABSOLUTE
    RK_Main.s                                0x00000000   Number         0  rk_main.o ABSOLUTE
    RTE\Device\ARMCM3\startup_ARMCM3.s       0x00000000   Number         0  startup_armcm3.o ABSOLUTE
    RTE\Device\ARMCM3\system_ARMCM3.c        0x00000000   Number         0  system_armcm3.o ABSOLUTE
    RTE\\Device\\ARMCM3\\system_ARMCM3.c     0x00000000   Number         0  system_armcm3.o ABSOLUTE
    .text                                    0x000003d0   Section       72  rk_config_boutons.o(.text)
    .text                                    0x00000418   Section      104  rk_config_leds.o(.text)
    .text                                    0x00000480   Section      488  rk_config_moteur.o(.text)
    .text                                    0x00000668   Section      224  rk_main.o(.text)
    .text                                    0x00000748   Section      268  rk_config_encoders.o(.text)
    .text                                    0x00000854   Section      136  rk_interrupthandler.o(.text)
    .text                                    0x000008dc   Section       56  startup_armcm3.o(.text)
    i.SystemInit                             0x00000914   Section        0  system_armcm3.o(i.SystemInit)
    .data                                    0x20000000   Section        4  system_armcm3.o(.data)
    STACK                                    0x20000008   Section     1024  startup_armcm3.o(STACK)

    Global Symbols

    Symbol Name                              Value     Ov Type        Size  Object(Section)

    BuildAttributes$$THM_ISAv4$P$D$K$B$S$PE$A:L22UL41UL21$X:L11$S22US41US21$IEEE1$IW$USESV6$~STKCKD$USESV7$~SHL$OSPACE$EBA8$MICROLIB$REQ8$PRES8$EABIv2 0x00000000   Number         0  anon$$obj.o ABSOLUTE
    __Vectors                                0x00000000   Data           4  startup_armcm3.o(RESET)
    BOUTON_INIT                              0x000003d1   Thumb Code     0  rk_config_boutons.o(.text)
    __Vectors_End                            0x000003d0   Data           0  startup_armcm3.o(RESET)
    __Vectors_Size                           0x000003d0   Number         0  startup_armcm3.o ABSOLUTE
    LED_INIT                                 0x00000419   Thumb Code     0  rk_config_leds.o(.text)
    LED1_ON                                  0x0000043d   Thumb Code     0  rk_config_leds.o(.text)
    LED_CLIGNOTTEMENT                        0x00000447   Thumb Code     0  rk_config_leds.o(.text)
    MOTEUR_STATE                             0x00000480   Data           0  rk_config_moteur.o(.text)
    MOTEUR_INIT                              0x00000485   Thumb Code     0  rk_config_moteur.o(.text)
    MOTEUR_DROIT_ON                          0x00000589   Thumb Code     0  rk_config_moteur.o(.text)
    MOTEUR_DROIT_OFF                         0x00000595   Thumb Code     0  rk_config_moteur.o(.text)
    MOTEUR_GAUCHE_ON                         0x000005a1   Thumb Code     0  rk_config_moteur.o(.text)
    MOTEUR_GAUCHE_OFF                        0x000005ad   Thumb Code     0  rk_config_moteur.o(.text)
    MOTEUR_DROIT_ARRIERE                     0x000005b9   Thumb Code     0  rk_config_moteur.o(.text)
    MOTEUR_DROIT_AVANT                       0x000005c3   Thumb Code     0  rk_config_moteur.o(.text)
    MOTEUR_GAUCHE_ARRIERE                    0x000005cd   Thumb Code     0  rk_config_moteur.o(.text)
    MOTEUR_GAUCHE_AVANT                      0x000005d7   Thumb Code     0  rk_config_moteur.o(.text)
    MOTEUR_DROIT_INVERSE                     0x000005e1   Thumb Code     0  rk_config_moteur.o(.text)
    MOTEUR_GAUCHE_INVERSE                    0x000005ed   Thumb Code     0  rk_config_moteur.o(.text)
    __main                                   0x00000669   Thumb Code     0  rk_main.o(.text)
    ENCODER_INIT                             0x00000749   Thumb Code     0  rk_config_encoders.o(.text)
    INTERRUPT_INIT                           0x00000855   Thumb Code     0  rk_interrupthandler.o(.text)
    PORTD_INTERRUPT_HANDLER                  0x0000086f   Thumb Code     0  rk_interrupthandler.o(.text)
    INTERRUPT_HANDLER_0                      0x00000889   Thumb Code     0  rk_interrupthandler.o(.text)
    INTERRUPT_HANDLER_1                      0x000008a1   Thumb Code     0  rk_interrupthandler.o(.text)
    Reset_Handler                            0x000008dd   Thumb Code     8  startup_armcm3.o(.text)
    NMI_Handler                              0x000008e5   Thumb Code     2  startup_armcm3.o(.text)
    HardFault_Handler                        0x000008e7   Thumb Code     2  startup_armcm3.o(.text)
    MemManage_Handler                        0x000008e9   Thumb Code     2  startup_armcm3.o(.text)
    BusFault_Handler                         0x000008eb   Thumb Code     2  startup_armcm3.o(.text)
    UsageFault_Handler                       0x000008ed   Thumb Code     2  startup_armcm3.o(.text)
    SVC_Handler                              0x000008ef   Thumb Code     2  startup_armcm3.o(.text)
    DebugMon_Handler                         0x000008f1   Thumb Code     2  startup_armcm3.o(.text)
    PendSV_Handler                           0x000008f3   Thumb Code     2  startup_armcm3.o(.text)
    SysTick_Handler                          0x000008f5   Thumb Code     2  startup_armcm3.o(.text)
    Interrupt0_Handler                       0x000008f7   Thumb Code     2  startup_armcm3.o(.text)
    Interrupt1_Handler                       0x000008f9   Thumb Code     2  startup_armcm3.o(.text)
    Interrupt2_Handler                       0x000008fb   Thumb Code     2  startup_armcm3.o(.text)
    Interrupt3_Handler                       0x000008fd   Thumb Code     2  startup_armcm3.o(.text)
    Interrupt4_Handler                       0x000008ff   Thumb Code     2  startup_armcm3.o(.text)
    Interrupt5_Handler                       0x00000901   Thumb Code     2  startup_armcm3.o(.text)
    Interrupt6_Handler                       0x00000903   Thumb Code     2  startup_armcm3.o(.text)
    Interrupt7_Handler                       0x00000905   Thumb Code     2  startup_armcm3.o(.text)
    Interrupt8_Handler                       0x00000907   Thumb Code     2  startup_armcm3.o(.text)
    Interrupt9_Handler                       0x00000909   Thumb Code     2  startup_armcm3.o(.text)
    SystemInit                               0x00000915   Thumb Code    14  system_armcm3.o(i.SystemInit)
    SystemCoreClock                          0x20000000   Data           4  system_armcm3.o(.data)
    __stack_limit                            0x20000008   Data           0  startup_armcm3.o(STACK)
    __initial_sp                             0x20000408   Data           0  startup_armcm3.o(STACK)



==============================================================================

Memory Map of the image

  Image Entry point : 0x000008dd

  Load Region LR_1 (Base: 0x00000000, Size: 0x00000938, Max: 0xffffffff, ABSOLUTE)

    Execution Region ER_RO (Exec base: 0x00000000, Load base: 0x00000000, Size: 0x00000934, Max: 0xffffffff, ABSOLUTE)

    Exec Addr    Load Addr    Size         Type   Attr      Idx    E Section Name        Object

    0x00000000   0x00000000   0x000003d0   Data   RO           23    RESET               startup_armcm3.o
    0x000003d0   0x000003d0   0x00000048   Code   RO            1  * .text               rk_config_boutons.o
    0x00000418   0x00000418   0x00000068   Code   RO            6  * .text               rk_config_leds.o
    0x00000480   0x00000480   0x000001e8   Code   RO            9  * .text               rk_config_moteur.o
    0x00000668   0x00000668   0x000000e0   Code   RO           12  * .text               rk_main.o
    0x00000748   0x00000748   0x0000010c   Code   RO           15  * .text               rk_config_encoders.o
    0x00000854   0x00000854   0x00000088   Code   RO           18  * .text               rk_interrupthandler.o
    0x000008dc   0x000008dc   0x00000038   Code   RO           24  * .text               startup_armcm3.o
    0x00000914   0x00000914   0x00000020   Code   RO           32    i.SystemInit        system_armcm3.o


    Execution Region ER_RW (Exec base: 0x20000000, Load base: 0x00000934, Size: 0x00000004, Max: 0xffffffff, ABSOLUTE)

    Exec Addr    Load Addr    Size         Type   Attr      Idx    E Section Name        Object

    0x20000000   0x00000934   0x00000004   Data   RW           33    .data               system_armcm3.o


    Execution Region ER_ZI (Exec base: 0x20000004, Load base: 0x00000938, Size: 0x00000404, Max: 0xffffffff, ABSOLUTE)

    Exec Addr    Load Addr    Size         Type   Attr      Idx    E Section Name        Object

    0x20000004   0x00000938   0x00000004   PAD
    0x20000008        -       0x00000400   Zero   RW           21    STACK               startup_armcm3.o


==============================================================================

Image component sizes


      Code (inc. data)   RO Data    RW Data    ZI Data      Debug   Object Name

        72         20          0          0          0        280   rk_config_boutons.o
       268         82          0          0          0        312   rk_config_encoders.o
       104         24          0          0          0        260   rk_config_leds.o
       488        116          0          0          0        380   rk_config_moteur.o
       136         36          0          0          0        276   rk_interrupthandler.o
       224         20          0          0          0        272   rk_main.o
        56         10        976          0       1024       1164   startup_armcm3.o
        32         18          0          4          0       5163   system_armcm3.o

    ----------------------------------------------------------------------
      1380        326        976          4       1028       8107   Object Totals
         0          0          0          0          0          0   (incl. Generated)
         0          0          0          0          4          0   (incl. Padding)

    ----------------------------------------------------------------------
         0          0          0          0          0          0   Library Totals
         0          0          0          0          0          0   (incl. Padding)

    ----------------------------------------------------------------------

==============================================================================


      Code (inc. data)   RO Data    RW Data    ZI Data      Debug   

      1380        326        976          4       1028       8107   Grand Totals
      1380        326        976          4       1028       8107   ELF Image Totals
      1380        326        976          4          0          0   ROM Totals

==============================================================================

    Total RO  Size (Code + RO Data)                 2356 (   2.30kB)
    Total RW  Size (RW Data + ZI Data)              1032 (   1.01kB)
    Total ROM Size (Code + RO Data + RW Data)       2360 (   2.30kB)

==============================================================================

